
> dreamerie@0.1.0 build
> npm run typecheck && node --experimental-strip-types scripts/validateV4Release.mjs && vite build


> dreamerie@0.1.0 typecheck
> tsc -b

Version 4 release metadata gate passed: 383 card(s), five nonoverlapping clues each, versioned sources present; published catalogue preserved.
vite v8.3.0 building client environment for production...
transforming...
Γ£ô 56 modules transformed.
rendering chunks...
computing gzip size...
dist/index.html                     1.13 kB Γöé gzip:   0.56 kB
dist/assets/index-D73TnmoS.css     30.22 kB Γöé gzip:   7.18 kB
dist/assets/index-OxUDiEAw.js   1,973.19 kB Γöé gzip: 382.44 kB

Γ£ô built in 10.72s
[plugin builtin:vite-reporter]
(!) Some chunks are larger than 500 kB after minification. Consider:
- Using dynamic import() to code-split the application
- Use build.rolldownOptions.output.codeSplitting to improve chunking: https://rolldown.rs/reference/OutputOptions.codeSplitting
- Adjust chunk size limit for this warning via build.chunkSizeWarningLimit.
[PLUGIN_TIMINGS] Plugin hooks ran for 10.6s of this 10.7s build (99%).
The slowest hooks, timed inside each callback (the wait before a callback starts is excluded, the time it awaits is included):
  - vite:prepare-out-dir renderStart (99%, 10.6s, 1 call)
See https://rolldown.rs/reference/InputOptions.checks#plugintimings for more details.
